// Jest Snapshot v1, https://goo.gl/fbAQLP

exports[`Renders <CoinList/> correctly against snapshot 1`] = `
<div
  className="makeStyles-root-1"
>
  <div
    className="MuiPaper-root MuiPaper-elevation MuiPaper-rounded MuiPaper-elevation1 MuiTableContainer-root css-11xur9t-MuiPaper-root-MuiTableContainer-root"
  >
    <table
      className="MuiTable-root MuiTable-stickyHeader makeStyles-table-3 css-xn82ks-MuiTable-root"
      role={null}
    >
      <div
        className="MuiPaper-root MuiPaper-elevation MuiPaper-rounded MuiPaper-elevation1 MuiTableHead-root makeStyles-thead-5 css-vjohu7-MuiPaper-root-MuiTableHead-root"
        role="rowgroup"
      >
        <tr
          className="MuiTableRow-root MuiTableRow-head makeStyles-headerRow-8 css-1q1u3t4-MuiTableRow-root"
          role={null}
        >
          <th
            aria-sort={null}
            className="MuiTableCell-root MuiTableCell-head MuiTableCell-stickyHeader MuiTableCell-sizeMedium makeStyles-headerCell-9 css-y8ay40-MuiTableCell-root"
            scope="col"
            width={4}
          >
            Rank
          </th>
          <th
            aria-sort={null}
            className="MuiTableCell-root MuiTableCell-head MuiTableCell-stickyHeader MuiTableCell-alignLeft MuiTableCell-sizeMedium makeStyles-headerCell-9 css-y8ay40-MuiTableCell-root"
            scope="col"
            width={200}
          >
            Name
          </th>
          <th
            aria-sort={null}
            className="MuiTableCell-root MuiTableCell-head MuiTableCell-stickyHeader MuiTableCell-alignLeft MuiTableCell-sizeMedium makeStyles-headerCell-9 css-y8ay40-MuiTableCell-root"
            scope="col"
          >
            Symbol
          </th>
          <th
            aria-sort={null}
            className="MuiTableCell-root MuiTableCell-head MuiTableCell-stickyHeader MuiTableCell-alignRight MuiTableCell-sizeMedium makeStyles-headerCell-9 css-i02g0k-MuiTableCell-root"
            scope="col"
          >
            Current Price (USD)
          </th>
          <th
            aria-sort={null}
            className="MuiTableCell-root MuiTableCell-head MuiTableCell-stickyHeader MuiTableCell-alignRight MuiTableCell-sizeMedium makeStyles-headerCell-9 css-i02g0k-MuiTableCell-root"
            scope="col"
          >
            Market Cap (USD)
          </th>
          <th
            aria-sort={null}
            className="MuiTableCell-root MuiTableCell-head MuiTableCell-stickyHeader MuiTableCell-alignRight MuiTableCell-sizeMedium makeStyles-headerCell-9 css-i02g0k-MuiTableCell-root"
            scope="col"
          >
            Circulating Supply
          </th>
          <th
            aria-sort={null}
            className="MuiTableCell-root MuiTableCell-head MuiTableCell-stickyHeader MuiTableCell-alignRight MuiTableCell-sizeMedium makeStyles-headerCell-9 css-i02g0k-MuiTableCell-root"
            scope="col"
          >
            %24h
          </th>
        </tr>
      </div>
      <tbody
        className="MuiTableBody-root makeStyles-tbody-6 css-apqrd9-MuiTableBody-root"
        role={null}
      >
        <tr
          className="MuiTableRow-root makeStyles-row-7 css-1q1u3t4-MuiTableRow-root"
          role={null}
        >
          <th
            aria-sort={null}
            className="MuiTableCell-root MuiTableCell-body MuiTableCell-sizeMedium makeStyles-headerCell-9 css-1ex1afd-MuiTableCell-root"
            scope="row"
            style={
              Object {
                "height": "100%",
              }
            }
          >
            1
          </th>
          <td
            aria-sort={null}
            className="MuiTableCell-root MuiTableCell-body MuiTableCell-sizeMedium css-1ex1afd-MuiTableCell-root"
          >
            <img
              src="https://assets.coingecko.com/coins/images/1/large/bitcoin.png?1547033579"
              style={
                Object {
                  "height": 20,
                  "marginRight": 10,
                  "width": 20,
                }
              }
            />
            Bitcoin
          </td>
          <td
            aria-sort={null}
            className="MuiTableCell-root MuiTableCell-body MuiTableCell-alignLeft MuiTableCell-sizeMedium css-1ex1afd-MuiTableCell-root"
          >
            BTC
          </td>
          <td
            aria-sort={null}
            className="MuiTableCell-root MuiTableCell-body MuiTableCell-alignRight MuiTableCell-sizeMedium css-177gid-MuiTableCell-root"
          >
            $
            60,810
          </td>
          <td
            aria-sort={null}
            className="MuiTableCell-root MuiTableCell-body MuiTableCell-alignRight MuiTableCell-sizeMedium css-177gid-MuiTableCell-root"
          >
            $
            1,146,941,048,948
          </td>
          <td
            aria-sort={null}
            className="MuiTableCell-root MuiTableCell-body MuiTableCell-alignRight MuiTableCell-sizeMedium css-177gid-MuiTableCell-root"
          >
            18,857,718
             
            BTC
          </td>
          <td
            aria-sort={null}
            className="MuiTableCell-root MuiTableCell-body MuiTableCell-alignRight MuiTableCell-sizeMedium css-177gid-MuiTableCell-root"
            style={
              Object {
                "color": "green",
              }
            }
          >
            0.99622%
          </td>
        </tr>
        <tr
          className="MuiTableRow-root makeStyles-row-7 css-1q1u3t4-MuiTableRow-root"
          role={null}
        >
          <th
            aria-sort={null}
            className="MuiTableCell-root MuiTableCell-body MuiTableCell-sizeMedium makeStyles-headerCell-9 css-1ex1afd-MuiTableCell-root"
            scope="row"
            style={
              Object {
                "height": "100%",
              }
            }
          >
            2
          </th>
          <td
            aria-sort={null}
            className="MuiTableCell-root MuiTableCell-body MuiTableCell-sizeMedium css-1ex1afd-MuiTableCell-root"
          >
            <img
              src="https://assets.coingecko.com/coins/images/279/large/ethereum.png?1595348880"
              style={
                Object {
                  "height": 20,
                  "marginRight": 10,
                  "width": 20,
                }
              }
            />
            Ethereum
          </td>
          <td
            aria-sort={null}
            className="MuiTableCell-root MuiTableCell-body MuiTableCell-alignLeft MuiTableCell-sizeMedium css-1ex1afd-MuiTableCell-root"
          >
            ETH
          </td>
          <td
            aria-sort={null}
            className="MuiTableCell-root MuiTableCell-body MuiTableCell-alignRight MuiTableCell-sizeMedium css-177gid-MuiTableCell-root"
          >
            $
            4,321
          </td>
          <td
            aria-sort={null}
            className="MuiTableCell-root MuiTableCell-body MuiTableCell-alignRight MuiTableCell-sizeMedium css-177gid-MuiTableCell-root"
          >
            $
            510,632,823,504
          </td>
          <td
            aria-sort={null}
            className="MuiTableCell-root MuiTableCell-body MuiTableCell-alignRight MuiTableCell-sizeMedium css-177gid-MuiTableCell-root"
          >
            118,122,032.999
             
            ETH
          </td>
          <td
            aria-sort={null}
            className="MuiTableCell-root MuiTableCell-body MuiTableCell-alignRight MuiTableCell-sizeMedium css-177gid-MuiTableCell-root"
            style={
              Object {
                "color": "green",
              }
            }
          >
            4.82238%
          </td>
        </tr>
        <tr
          className="MuiTableRow-root makeStyles-row-7 css-1q1u3t4-MuiTableRow-root"
          role={null}
        >
          <th
            aria-sort={null}
            className="MuiTableCell-root MuiTableCell-body MuiTableCell-sizeMedium makeStyles-headerCell-9 css-1ex1afd-MuiTableCell-root"
            scope="row"
            style={
              Object {
                "height": "100%",
              }
            }
          >
            3
          </th>
          <td
            aria-sort={null}
            className="MuiTableCell-root MuiTableCell-body MuiTableCell-sizeMedium css-1ex1afd-MuiTableCell-root"
          >
            <img
              src="https://assets.coingecko.com/coins/images/825/large/binance-coin-logo.png?1547034615"
              style={
                Object {
                  "height": 20,
                  "marginRight": 10,
                  "width": 20,
                }
              }
            />
            Binance Coin
          </td>
          <td
            aria-sort={null}
            className="MuiTableCell-root MuiTableCell-body MuiTableCell-alignLeft MuiTableCell-sizeMedium css-1ex1afd-MuiTableCell-root"
          >
            BNB
          </td>
          <td
            aria-sort={null}
            className="MuiTableCell-root MuiTableCell-body MuiTableCell-alignRight MuiTableCell-sizeMedium css-177gid-MuiTableCell-root"
          >
            $
            494.81
          </td>
          <td
            aria-sort={null}
            className="MuiTableCell-root MuiTableCell-body MuiTableCell-alignRight MuiTableCell-sizeMedium css-177gid-MuiTableCell-root"
          >
            $
            83,187,309,373
          </td>
          <td
            aria-sort={null}
            className="MuiTableCell-root MuiTableCell-body MuiTableCell-alignRight MuiTableCell-sizeMedium css-177gid-MuiTableCell-root"
          >
            168,137,035.9
             
            BNB
          </td>
          <td
            aria-sort={null}
            className="MuiTableCell-root MuiTableCell-body MuiTableCell-alignRight MuiTableCell-sizeMedium css-177gid-MuiTableCell-root"
            style={
              Object {
                "color": "green",
              }
            }
          >
            3.5427%
          </td>
        </tr>
        <tr
          className="MuiTableRow-root makeStyles-row-7 css-1q1u3t4-MuiTableRow-root"
          role={null}
        >
          <th
            aria-sort={null}
            className="MuiTableCell-root MuiTableCell-body MuiTableCell-sizeMedium makeStyles-headerCell-9 css-1ex1afd-MuiTableCell-root"
            scope="row"
            style={
              Object {
                "height": "100%",
              }
            }
          >
            4
          </th>
          <td
            aria-sort={null}
            className="MuiTableCell-root MuiTableCell-body MuiTableCell-sizeMedium css-1ex1afd-MuiTableCell-root"
          >
            <img
              src="https://assets.coingecko.com/coins/images/325/large/Tether-logo.png?1598003707"
              style={
                Object {
                  "height": 20,
                  "marginRight": 10,
                  "width": 20,
                }
              }
            />
            Tether
          </td>
          <td
            aria-sort={null}
            className="MuiTableCell-root MuiTableCell-body MuiTableCell-alignLeft MuiTableCell-sizeMedium css-1ex1afd-MuiTableCell-root"
          >
            USDT
          </td>
          <td
            aria-sort={null}
            className="MuiTableCell-root MuiTableCell-body MuiTableCell-alignRight MuiTableCell-sizeMedium css-177gid-MuiTableCell-root"
          >
            $
            1
          </td>
          <td
            aria-sort={null}
            className="MuiTableCell-root MuiTableCell-body MuiTableCell-alignRight MuiTableCell-sizeMedium css-177gid-MuiTableCell-root"
          >
            $
            71,030,646,340
          </td>
          <td
            aria-sort={null}
            className="MuiTableCell-root MuiTableCell-body MuiTableCell-alignRight MuiTableCell-sizeMedium css-177gid-MuiTableCell-root"
          >
            70,932,110,814.757
             
            USDT
          </td>
          <td
            aria-sort={null}
            className="MuiTableCell-root MuiTableCell-body MuiTableCell-alignRight MuiTableCell-sizeMedium css-177gid-MuiTableCell-root"
            style={
              Object {
                "color": "red",
              }
            }
          >
            -0.98831%
          </td>
        </tr>
        <tr
          className="MuiTableRow-root makeStyles-row-7 css-1q1u3t4-MuiTableRow-root"
          role={null}
        >
          <th
            aria-sort={null}
            className="MuiTableCell-root MuiTableCell-body MuiTableCell-sizeMedium makeStyles-headerCell-9 css-1ex1afd-MuiTableCell-root"
            scope="row"
            style={
              Object {
                "height": "100%",
              }
            }
          >
            5
          </th>
          <td
            aria-sort={null}
            className="MuiTableCell-root MuiTableCell-body MuiTableCell-sizeMedium css-1ex1afd-MuiTableCell-root"
          >
            <img
              src="https://assets.coingecko.com/coins/images/975/large/cardano.png?1547034860"
              style={
                Object {
                  "height": 20,
                  "marginRight": 10,
                  "width": 20,
                }
              }
            />
            Cardano
          </td>
          <td
            aria-sort={null}
            className="MuiTableCell-root MuiTableCell-body MuiTableCell-alignLeft MuiTableCell-sizeMedium css-1ex1afd-MuiTableCell-root"
          >
            ADA
          </td>
          <td
            aria-sort={null}
            className="MuiTableCell-root MuiTableCell-body MuiTableCell-alignRight MuiTableCell-sizeMedium css-177gid-MuiTableCell-root"
          >
            $
            2
          </td>
          <td
            aria-sort={null}
            className="MuiTableCell-root MuiTableCell-body MuiTableCell-alignRight MuiTableCell-sizeMedium css-177gid-MuiTableCell-root"
          >
            $
            64,013,397,550
          </td>
          <td
            aria-sort={null}
            className="MuiTableCell-root MuiTableCell-body MuiTableCell-alignRight MuiTableCell-sizeMedium css-177gid-MuiTableCell-root"
          >
            32,066,390,668.414
             
            ADA
          </td>
          <td
            aria-sort={null}
            className="MuiTableCell-root MuiTableCell-body MuiTableCell-alignRight MuiTableCell-sizeMedium css-177gid-MuiTableCell-root"
            style={
              Object {
                "color": "red",
              }
            }
          >
            -1.16195%
          </td>
        </tr>
      </tbody>
    </table>
  </div>
</div>
`;
